// Vitest Snapshot v1, https://vitest.dev/guide/snapshot.html

exports[`createEmptyDefaults — byte-parité (dérivation) > objet de defaults figé (snapshot) 1`] = `
{
  "addressCountry": "RE",
  "addressLocality": "",
  "aps_name": [],
  "categorie": "",
  "codeInsee": "",
  "description": "",
  "equip_acc_libre": false,
  "equip_douche": false,
  "equip_eclair": false,
  "equip_gest_type": "",
  "equip_larg": undefined,
  "equip_loc_type": [],
  "equip_long": undefined,
  "equip_maj_date": "",
  "equip_nature": "",
  "equip_pmr_acc": false,
  "equip_pmr_chem": false,
  "equip_pmr_douche": false,
  "equip_pmr_sanit": false,
  "equip_pmr_trib": false,
  "equip_pmr_vest": false,
  "equip_prop_nom": "",
  "equip_prop_type": "",
  "equip_pshs_aire": false,
  "equip_pshs_chem": false,
  "equip_pshs_sanit": false,
  "equip_pshs_sign": false,
  "equip_pshs_trib": false,
  "equip_pshs_vest": false,
  "equip_sol": "",
  "equip_surf": undefined,
  "equip_type_famille": "",
  "equip_type_name": "",
  "equip_utilisateur": [],
  "inst_acc_handi_bool": false,
  "inst_acc_handi_type": "",
  "inst_date_creation": "",
  "inst_enqu_date": "",
  "inst_nom": "",
  "inst_part_bool": false,
  "inst_part_type": [],
  "inst_trans_bool": false,
  "inst_trans_type": "",
  "level1": "",
  "level1Name": "",
  "level3": "",
  "level3Name": "",
  "level4": "",
  "level4Name": "",
  "localityId": "",
  "name": "",
  "postalCode": "",
  "streetAddress": "",
  "tags": [],
  "type": "recoveryCenter",
  "urls": [],
}
`;
